// Jest Snapshot v1, https://goo.gl/fbAQLP

exports[`Unit Test banner product list page Component render SnapShot case 1 1`] = `
<div
  class="w-full"
>
  <img
    alt="..."
    class="w-full h-auto"
    src="banner-product-list-page.JPG"
  />
</div>
`;
